// Jest Snapshot v1, https://goo.gl/fbAQLP

exports[`<ControlPanelTitleSkeleton/> should render 1`] = `
<div>
  <div
    class="MuiBox-root MuiBox-root-2"
  >
    <span
      class="MuiSkeleton-root makeStyles-root-3 makeStyles-skeleton-1 MuiSkeleton-rect MuiSkeleton-pulse"
    />
  </div>
</div>
`;
