// Jest Snapshot v1, https://goo.gl/fbAQLP

exports[`<TrainingSetListItem/> should render 1`] = `
<div>
  <div
    aria-disabled="false"
    class="MuiBox-root MuiBox-root-9 MuiButtonBase-root MuiListItem-root makeStyles-root-1 MuiListItem-gutters MuiListItem-button MuiListItem-alignItemsFlexStart makeStyles-root-8"
    data-testid="training-set-list-item"
    role="button"
    tabindex="0"
    to="/training/set/fd255273-5147-504b-ac68-033d90ff4e17"
  >
    <div
      class="makeStyles-image-2 makeStyles-image-5"
    />
    <div
      class="MuiListItemText-root makeStyles-textRoot-4 makeStyles-textRoot-7 MuiListItemText-multiline"
    >
      <div
        class="MuiTypography-root MuiListItemText-primary makeStyles-primaryText-3 makeStyles-primaryText-6 MuiTypography-body1 MuiTypography-displayBlock"
        data-testid="triple-combo-item-text-primary"
      >
        Jutacu emibo cu umusosfu re cuznim reletwaj lojeibe lolmuj tujle tovufmu vofizo nuzi regusoj iwmum busifurih weof.
      </div>
      <div
        class="MuiTypography-root MuiListItemText-secondary MuiTypography-body2 MuiTypography-colorTextSecondary MuiTypography-displayBlock"
        data-testid="triple-combo-item-text-secondary"
      >
        <p
          class="MuiTypography-root MuiTypography-body2"
        >
          93
           
          training
        </p>
        <span
          class="MuiTypography-root makeStyles-root-10 MuiTypography-caption"
        >
          5 months ago
        </span>
      </div>
    </div>
    <span
      class="MuiTouchRipple-root"
    />
  </div>
</div>
`;
