// Jest Snapshot v1, https://goo.gl/fbAQLP

exports[`<InfiniteGridList/> should render 1`] = `
<div>
  <div
    style="display: none;"
  >
    <div
      class="MuiGrid-root"
    />
  </div>
  <div
    class="infinite-scroll-component__outerdiv"
  >
    <div
      class="infinite-scroll-component MuiGrid-root"
      style="height: auto; overflow: auto;"
    >
      <div
        class="makeStyles-root-1"
      >
        <svg
          aria-hidden="true"
          class="MuiSvgIcon-root makeStyles-icon-2"
          focusable="false"
          viewBox="0 0 24 24"
        >
          <path
            d="M6 10c-1.1 0-2 .9-2 2s.9 2 2 2 2-.9 2-2-.9-2-2-2zm12 0c-1.1 0-2 .9-2 2s.9 2 2 2 2-.9 2-2-.9-2-2-2zm-6 0c-1.1 0-2 .9-2 2s.9 2 2 2 2-.9 2-2-.9-2-2-2z"
          />
        </svg>
      </div>
    </div>
  </div>
</div>
`;
