// Jest Snapshot v1, https://goo.gl/fbAQLP

exports[`BaseRouterLayout should render 1`] = `
<div>
  <div
    data-testid="react-router-dom-switch"
  >
    <div
      data-testid="unauthorized-route-base"
    />
    <div
      data-testid="auth-route-base"
    />
    <div
      data-testid="react-router-dom-redirect"
    />
  </div>
</div>
`;
