// Jest Snapshot v1, https://goo.gl/fbAQLP

exports[`<PlainLayout/> should render 1`] = `
<div>
  <div
    class="makeStyles-root-1"
  >
    <div
      class="makeStyles-header-2"
    >
      <div
        class="MuiBox-root MuiBox-root-7 makeStyles-root-4 makeStyles-root-6"
      >
        <img
          class="makeStyles-img-5 makeStyles-logo-3"
          src="logo.svg"
        />
      </div>
    </div>
    
    <div
      class="MuiBox-root MuiBox-root-8"
    >
      <p
        class="MuiTypography-root makeStyles-typography-9 MuiTypography-body1"
      >
        All rights reserved to
        <strong>
           byoT
        </strong>
      </p>
    </div>
  </div>
</div>
`;
