// Jest Snapshot v1, https://goo.gl/fbAQLP

exports[`<AuthorizedNavigationRoot/> should render 1`] = `
<View
  collapsable={true}
  pointerEvents="box-none"
  style={
    Object {
      "flex": 1,
    }
  }
>
  <View
    initialRouteName="AuthLayout"
    screenOptions={
      Object {
        "cardOverlayEnabled": false,
        "cardShadowEnabled": false,
        "cardStyle": Object {
          "backgroundColor": "#FAFAF1",
          "flex": 1,
        },
        "headerShown": false,
      }
    }
  >
    <View
      name="AuthLayout"
    />
  </View>
</View>
`;
