// Jest Snapshot v1, https://goo.gl/fbAQLP

exports[`<AuthorizedNavigationRoot/> should render 1`] = `
<View
  collapsable={true}
  pointerEvents="box-none"
  style={
    Object {
      "flex": 1,
    }
  }
>
  <View
    initialRouteName="TrainingSetList"
  >
    <View
      name="TrainingSetList"
    />
  </View>
</View>
`;
