// Jest Snapshot v1, https://goo.gl/fbAQLP

exports[`<PlainLayoutInner/> should render 1`] = `
<View
  collapsable={true}
  pointerEvents="box-none"
  style={
    Object {
      "flex": 1,
    }
  }
>
  <View
    style={
      Object {
        "flex": 1,
        "flexDirection": "column",
        "justifyContent": "flex-end",
      }
    }
  />
</View>
`;
