// Jest Snapshot v1, https://goo.gl/fbAQLP

exports[`<RequestResetPasswordForm/> should not submit form with invalid email 1`] = `
<View
  collapsable={true}
  pointerEvents="box-none"
  style={
    Object {
      "flex": 1,
    }
  }
>
  <Text
    heading={true}
  >
    Request reset password
  </Text>
  <View
    marginB-4={true}
  >
    <View
      paddingB-8={true}
      paddingL-12={true}
      paddingR-12={true}
      paddingT-8={true}
      style={
        Array [
          Object {
            "backgroundColor": "#FAFAF1",
            "borderRadius": 8,
          },
          undefined,
        ]
      }
    >
      <TouchableWithoutFeedback>
        <TextInput
          accessibilityLabel="requestResetPasswordForm-email-input"
          allowFontScaling={true}
          autoCapitalize="none"
          color="#FAFAF1"
          enableErrors={false}
          floatOnFocus={true}
          floatingPlaceholder={true}
          floatingPlaceholderColor={
            Object {
              "default": "#FAFAF1",
              "error": "#FAFAF1",
              "focus": "#FAFAF1",
            }
          }
          floatingPlaceholderStyle={Object {}}
          hideUnderline={true}
          infoText={true}
          keyboardType="email-address"
          placeholder="Enter email"
          rejectResponderTermination={true}
          style={
            Array [
              undefined,
              Object {
                "marginBottom": 4,
                "marginTop": -4,
              },
            ]
          }
          testID="requestResetPasswordForm-email-input"
          underlineColorAndroid="transparent"
          value="email@email.sk"
        />
      </TouchableWithoutFeedback>
    </View>
    <Text
      error={false}
      style={
        Object {
          "fontSize": 12,
          "marginTop": 2,
          "paddingLeft": 12,
        }
      }
      success={false}
    >
       
    </Text>
  </View>
  <TouchableOpacity
    accessibilityLabel="element-button"
    label="Request reset password"
    testID="element-button"
  />
</View>
`;

exports[`<RequestResetPasswordForm/> should submit form with valid email 1`] = `
<View
  collapsable={true}
  pointerEvents="box-none"
  style={
    Object {
      "flex": 1,
    }
  }
>
  <Text
    heading={true}
  >
    Request reset password
  </Text>
  <View
    marginB-4={true}
  >
    <View
      paddingB-8={true}
      paddingL-12={true}
      paddingR-12={true}
      paddingT-8={true}
      style={
        Array [
          Object {
            "backgroundColor": "#FAFAF1",
            "borderRadius": 8,
          },
          undefined,
        ]
      }
    >
      <TouchableWithoutFeedback>
        <TextInput
          accessibilityLabel="requestResetPasswordForm-email-input"
          allowFontScaling={true}
          autoCapitalize="none"
          color="#FAFAF1"
          enableErrors={false}
          floatOnFocus={true}
          floatingPlaceholder={true}
          floatingPlaceholderColor={
            Object {
              "default": "#FAFAF1",
              "error": "#FAFAF1",
              "focus": "#FAFAF1",
            }
          }
          floatingPlaceholderStyle={Object {}}
          hideUnderline={true}
          infoText={true}
          keyboardType="email-address"
          placeholder="Enter email"
          rejectResponderTermination={true}
          style={
            Array [
              undefined,
              Object {
                "marginBottom": 4,
                "marginTop": -4,
              },
            ]
          }
          testID="requestResetPasswordForm-email-input"
          underlineColorAndroid="transparent"
          value="email@email.sk"
        />
      </TouchableWithoutFeedback>
    </View>
    <Text
      error={false}
      style={
        Object {
          "fontSize": 12,
          "marginTop": 2,
          "paddingLeft": 12,
        }
      }
      success={false}
    >
       
    </Text>
  </View>
  <TouchableOpacity
    accessibilityLabel="element-button"
    label="Request reset password"
    testID="element-button"
  />
</View>
`;
